14/11/2021 20:57:27Record with ID='''' not found;
15/11/2021 12:15:05Record with ID='''' not found;
15/11/2021 12:15:17Record with ID='''' not found;
